// Jest Snapshot v1, https://goo.gl/fbAQLP

exports[`<ResearcherScreen/> snapshot 1`] = `
<View
  style={
    Object {
      "alignItems": "center",
      "backgroundColor": "#DF4425",
      "flex": 1,
      "justifyContent": "center",
    }
  }
>
  <RCTScrollView
    contentContainerStyle={
      Object {
        "flexGrow": 1,
      }
    }
    keyboardShouldPersistTaps="handled"
  >
    <View>
      <View
        style={
          Object {
            "paddingVertical": 5,
          }
        }
      >
        <TextInput
          allowFontScaling={true}
          onChangeText={[Function]}
          placeholder=" Please Type in Admin Password First "
          rejectResponderTermination={true}
          secureTextEntry={true}
          style={
            Object {
              "borderColor": "black",
              "borderRadius": 10,
              "borderWidth": 1,
              "marginLeft": 10,
              "marginRight": 10,
              "maxWidth": "90%",
              "minWidth": "70%",
              "padding": 10,
            }
          }
          underlineColorAndroid="transparent"
        />
      </View>
      <View
        style={
          Object {
            "paddingVertical": 5,
          }
        }
      >
        <View
          accessible={true}
          isTVSelectable={true}
          onResponderGrant={[Function]}
          onResponderMove={[Function]}
          onResponderRelease={[Function]}
          onResponderTerminate={[Function]}
          onResponderTerminationRequest={[Function]}
          onStartShouldSetResponder={[Function]}
          style={
            Object {
              "alignItems": "center",
              "backgroundColor": "black",
              "opacity": 1,
              "padding": 10,
            }
          }
        >
          <Text
            style={
              Object {
                "color": "white",
                "fontWeight": "bold",
              }
            }
          >
             Delete All Files 
          </Text>
        </View>
      </View>
      <View
        style={
          Object {
            "paddingVertical": 5,
          }
        }
      >
        <View
          accessible={true}
          isTVSelectable={true}
          onResponderGrant={[Function]}
          onResponderMove={[Function]}
          onResponderRelease={[Function]}
          onResponderTerminate={[Function]}
          onResponderTerminationRequest={[Function]}
          onStartShouldSetResponder={[Function]}
          style={
            Object {
              "alignItems": "center",
              "backgroundColor": "black",
              "opacity": 1,
              "padding": 10,
            }
          }
        >
          <Text
            style={
              Object {
                "color": "white",
                "fontWeight": "bold",
              }
            }
          >
             Send Email 
          </Text>
        </View>
      </View>
    </View>
  </RCTScrollView>
</View>
`;
