// Jest Snapshot v1, https://goo.gl/fbAQLP

exports[`<SurveyCompletedScreen/> SurveyCompletedScreen snapshot 1`] = `null`;
