// Jest Snapshot v1, https://goo.gl/fbAQLP

exports[`<SurveyScreen/> SurveyScreen snapshot 1`] = `null`;
